#-----------------------------------------------------------
# Vivado v2015.2 (64-bit)
# SW Build 1266856 on Fri Jun 26 16:35:25 MDT 2015
# IP Build 1264090 on Wed Jun 24 14:22:01 MDT 2015
# Start of session at: Thu Nov 22 10:04:56 2018
# Process ID: 4048
# Log file: C:/Users/lab/Documents/DigitalSystems/Thursday/CalcDesign10/project_1/vivado.log
# Journal file: C:/Users/lab/Documents/DigitalSystems/Thursday/CalcDesign10/project_1\vivado.jou
#-----------------------------------------------------------
start_gui
open_project C:/Users/lab/Documents/DigitalSystems/Thursday/CalcDesign10/project_1/project_1.xpr
reset_run synth_1
launch_runs synth_1 -jobs 2
wait_on_run synth_1
remove_files C:/Users/lab/Documents/DigitalSystems/Thursday/CalcDesign10/project_1/project_1.srcs/sources_1/imports/CalcDesign10/Display.v
add_files -norecurse -scan_for_includes C:/Users/lab/Documents/DigitalSystems/Thursday/CalcDesign10/Display.v
import_files -norecurse C:/Users/lab/Documents/DigitalSystems/Thursday/CalcDesign10/Display.v
update_compile_order -fileset sources_1
update_compile_order -fileset sources_1
update_compile_order -fileset sources_1
# Disabling source management mode.  This is to allow the top design properties to be set without GUI intervention.
set_property source_mgmt_mode None [current_project]
set_property top myCalc [current_fileset]
# Re-enabling previously disabled source management mode.
set_property source_mgmt_mode All [current_project]
update_compile_order -fileset sources_1
# Disabling source management mode.  This is to allow the top design properties to be set without GUI intervention.
set_property source_mgmt_mode None [current_project]
set_property top calculator_top [current_fileset]
# Re-enabling previously disabled source management mode.
set_property source_mgmt_mode All [current_project]
update_compile_order -fileset sources_1
reset_run synth_1
launch_runs synth_1 -jobs 2
wait_on_run synth_1
reset_run synth_1
launch_runs synth_1 -jobs 2
wait_on_run synth_1
reset_run synth_1
launch_runs synth_1 -jobs 2
wait_on_run synth_1
reset_run synth_1
launch_runs synth_1 -jobs 2
wait_on_run synth_1
reset_run synth_1
launch_runs synth_1 -jobs 2
wait_on_run synth_1
set_property SOURCE_SET sources_1 [get_filesets sim_1]
add_files -fileset sim_1 -norecurse -scan_for_includes C:/Users/lab/Documents/DigitalSystems/Thursday/CalcDesign10/project_1/project_1.srcs/sources_1/imports/new/CalcaLogic_TB.v
import_files -fileset sim_1 -norecurse C:/Users/lab/Documents/DigitalSystems/Thursday/CalcDesign10/project_1/project_1.srcs/sources_1/imports/new/CalcaLogic_TB.v
update_compile_order -fileset sim_1
# Disabling source management mode.  This is to allow the top design properties to be set without GUI intervention.
set_property source_mgmt_mode None [current_project]
set_property top TB_myCalc [get_filesets sim_1]
set_property top_lib xil_defaultlib [get_filesets sim_1]
# Re-enabling previously disabled source management mode.
set_property source_mgmt_mode All [current_project]
update_compile_order -fileset sim_1
launch_simulation
source TB_myCalc.tcl
restart
run all
close_sim
remove_files -fileset sim_1 C:/Users/lab/Documents/DigitalSystems/Thursday/CalcDesign10/project_1/project_1.srcs/sim_1/imports/new/CalcaLogic_TB.v
file delete -force C:/Users/lab/Documents/DigitalSystems/Thursday/CalcDesign10/project_1/project_1.srcs/sim_1/imports/new/CalcaLogic_TB.v
set_property source_mgmt_mode DisplayOnly [current_project]
set_property SOURCE_SET sources_1 [get_filesets sim_1]
add_files -fileset sim_1 -norecurse -scan_for_includes C:/Users/lab/Documents/DigitalSystems/Thursday/CalcDesign10/project_1/project_1.srcs/sources_1/imports/new/CalcaLogic_TB.v
import_files -fileset sim_1 -norecurse C:/Users/lab/Documents/DigitalSystems/Thursday/CalcDesign10/project_1/project_1.srcs/sources_1/imports/new/CalcaLogic_TB.v
launch_simulation
source TB_myCalc.tcl
run all
run all
close_sim
remove_files -fileset sim_1 C:/Users/lab/Documents/DigitalSystems/Thursday/CalcDesign10/project_1/project_1.srcs/sim_1/imports/new/CalcaLogic_TB.v
file delete -force C:/Users/lab/Documents/DigitalSystems/Thursday/CalcDesign10/project_1/project_1.srcs/sim_1/imports/new/CalcaLogic_TB.v
set_property SOURCE_SET sources_1 [get_filesets sim_1]
add_files -fileset sim_1 -norecurse -scan_for_includes C:/Users/lab/Documents/DigitalSystems/Thursday/CalcDesign10/project_1/project_1.srcs/sources_1/imports/new/CalcaLogic_TB.v
import_files -fileset sim_1 -norecurse C:/Users/lab/Documents/DigitalSystems/Thursday/CalcDesign10/project_1/project_1.srcs/sources_1/imports/new/CalcaLogic_TB.v
launch_runs impl_1 -jobs 2
wait_on_run impl_1
reset_run impl_1
launch_simulation
source TB_myCalc.tcl
restart
run all
restart
run all
close_sim
remove_files -fileset sim_1 C:/Users/lab/Documents/DigitalSystems/Thursday/CalcDesign10/project_1/project_1.srcs/sim_1/imports/new/CalcaLogic_TB.v
file delete -force C:/Users/lab/Documents/DigitalSystems/Thursday/CalcDesign10/project_1/project_1.srcs/sim_1/imports/new/CalcaLogic_TB.v
set_property SOURCE_SET sources_1 [get_filesets sim_1]
add_files -fileset sim_1 -norecurse -scan_for_includes C:/Users/lab/Documents/DigitalSystems/Thursday/CalcDesign10/project_1/project_1.srcs/sources_1/imports/new/CalcaLogic_TB.v
import_files -fileset sim_1 -norecurse C:/Users/lab/Documents/DigitalSystems/Thursday/CalcDesign10/project_1/project_1.srcs/sources_1/imports/new/CalcaLogic_TB.v
# Disabling source management mode.  This is to allow the top design properties to be set without GUI intervention.
set_property source_mgmt_mode None [current_project]
set_property top calculator_top [get_filesets sim_1]
set_property top_lib xil_defaultlib [get_filesets sim_1]
# Re-enabling previously disabled source management mode.
set_property source_mgmt_mode DisplayOnly [current_project]
# Disabling source management mode.  This is to allow the top design properties to be set without GUI intervention.
set_property source_mgmt_mode None [current_project]
set_property top TB_myCalc [get_filesets sim_1]
set_property top_lib xil_defaultlib [get_filesets sim_1]
# Re-enabling previously disabled source management mode.
set_property source_mgmt_mode DisplayOnly [current_project]
launch_simulation
source TB_myCalc.tcl
run all
restart
run all
launch_simulation
source TB_myCalc.tcl
run all
restart
run all
reset_run synth_1
launch_runs synth_1 -jobs 2
wait_on_run synth_1
launch_simulation
source TB_myCalc.tcl
run all
launch_simulation
launch_simulation
source TB_myCalc.tcl
run all
restart
run all
restart
run all
reset_run synth_1
launch_runs synth_1 -jobs 2
wait_on_run synth_1
launch_simulation
source TB_myCalc.tcl
restart
run all
launch_simulation
source TB_myCalc.tcl
run all
reset_run synth_1
launch_runs synth_1 -jobs 2
wait_on_run synth_1
launch_runs impl_1 -jobs 2
wait_on_run impl_1
launch_simulation
source TB_myCalc.tcl
restart
run all
restart
run all
launch_simulation
source TB_myCalc.tcl
reset_run synth_1
launch_runs synth_1 -jobs 2
wait_on_run synth_1
close_sim
remove_files -fileset sim_1 C:/Users/lab/Documents/DigitalSystems/Thursday/CalcDesign10/project_1/project_1.srcs/sim_1/imports/new/CalcaLogic_TB.v
file delete -force C:/Users/lab/Documents/DigitalSystems/Thursday/CalcDesign10/project_1/project_1.srcs/sim_1/imports/new/CalcaLogic_TB.v
launch_simulation
set_property SOURCE_SET sources_1 [get_filesets sim_1]
add_files -fileset sim_1 -norecurse -scan_for_includes C:/Users/lab/Documents/DigitalSystems/Thursday/CalcDesign10/project_1/project_1.srcs/sources_1/imports/new/CalcaLogic_TB.v
import_files -fileset sim_1 -norecurse C:/Users/lab/Documents/DigitalSystems/Thursday/CalcDesign10/project_1/project_1.srcs/sources_1/imports/new/CalcaLogic_TB.v
launch_simulation
source TB_myCalc.tcl
restart
run all
launch_simulation
source TB_myCalc.tcl
restart
run all
launch_simulation
source TB_myCalc.tcl
restart
run all
launch_simulation
source TB_myCalc.tcl
run all
restart
run all
launch_simulation
launch_simulation
launch_simulation
launch_simulation
launch_simulation
launch_simulation
launch_simulation
reset_run synth_1
launch_runs synth_1 -jobs 2
wait_on_run synth_1
launch_simulation
source TB_myCalc.tcl
restart
run all
close_sim
add_files -fileset constrs_1 -norecurse {C:/Users/lab/Documents/DigitalSystems/Thursday/CalcDesign10/project_1/Nexys4_Master.xdc C:/Users/lab/Documents/DigitalSystems/Thursday/CalcDesign10/Nexys4_KeypadLeft.xdc}
import_files -fileset constrs_1 {C:/Users/lab/Documents/DigitalSystems/Thursday/CalcDesign10/project_1/Nexys4_Master.xdc C:/Users/lab/Documents/DigitalSystems/Thursday/CalcDesign10/Nexys4_KeypadLeft.xdc}
reset_run synth_1
launch_runs synth_1 -jobs 2
wait_on_run synth_1
launch_simulation
source TB_myCalc.tcl
restart
run all
close_sim
